
  ⚠ timeline_track_too_dense: Track 2 has 9 timed elements in this HTML file. Smaller sub-compositions keep timelines easier to read, iterate on, and diff.
    Fix: Move coherent scene groups into separate .html files under compositions/ and mount them from the parent with data-composition-src so the timeline stays easier to inspect, revise, and validate.

┌  hyperframes preview
[?25l│
◇  Studio running
[?25h
  Project   section-05-visible-work-beats-quiet-thinking
  Studio    http://localhost:1005

  Edit with your AI agent — it has HyperFrames skills installed.
  Changes reload automatically in the studio.

  Press Ctrl+C to stop

[Compiler] Injected deterministic @font-face rules for 1 requested font families
[BrowserManager] Browser launched (HeadlessChrome/146.0.7680.153, screenshot, headlessShell=true, platform=win32)
[Compiler] Injected deterministic @font-face rules for 1 requested font families
[Compiler] Injected deterministic @font-face rules for 1 requested font families
[Compiler] Injected deterministic @font-face rules for 1 requested font families
[Compiler] Injected deterministic @font-face rules for 1 requested font families
[Compiler] Injected deterministic @font-face rules for 1 requested font families
[Compiler] Injected deterministic @font-face rules for 1 requested font families
[Compiler] Injected deterministic @font-face rules for 1 requested font families
[Compiler] Injected deterministic @font-face rules for 1 requested font families
[Compiler] Injected deterministic @font-face rules for 1 requested font families
[Compiler] Injected deterministic @font-face rules for 1 requested font families
[Compiler] Injected deterministic @font-face rules for 1 requested font families
[Compiler] Injected deterministic @font-face rules for 1 requested font families
[Compiler] Injected deterministic @font-face rules for 1 requested font families
[Compiler] Injected deterministic @font-face rules for 1 requested font families
[Compiler] Injected deterministic @font-face rules for 1 requested font families
[Compiler] Injected deterministic @font-face rules for 1 requested font families
[Compiler] Injected deterministic @font-face rules for 1 requested font families
[Compiler] Injected deterministic @font-face rules for 1 requested font families
[Compiler] Injected deterministic @font-face rules for 1 requested font families
[Compiler] Injected deterministic @font-face rules for 1 requested font families
[Compiler] Injected deterministic @font-face rules for 1 requested font families
[Compiler] Injected deterministic @font-face rules for 1 requested font families
[Compiler] Injected deterministic @font-face rules for 1 requested font families
[Compiler] Injected deterministic @font-face rules for 1 requested font families
[Compiler] Injected deterministic @font-face rules for 1 requested font families
[Compiler] Injected deterministic @font-face rules for 1 requested font families
[Compiler] Injected deterministic @font-face rules for 1 requested font families
[Compiler] Injected deterministic @font-face rules for 1 requested font families
[Compiler] Injected deterministic @font-face rules for 1 requested font families
[Compiler] Injected deterministic @font-face rules for 1 requested font families
[Compiler] Injected deterministic @font-face rules for 1 requested font families
[Compiler] Injected deterministic @font-face rules for 1 requested font families
[Compiler] Injected deterministic @font-face rules for 1 requested font families
[Compiler] Injected deterministic @font-face rules for 1 requested font families
[Compiler] Injected deterministic @font-face rules for 1 requested font families
[Compiler] Injected deterministic @font-face rules for 1 requested font families
[Compiler] Injected deterministic @font-face rules for 1 requested font families
[Compiler] Injected deterministic @font-face rules for 1 requested font families
[Compiler] Injected deterministic @font-face rules for 1 requested font families
[Compiler] Injected deterministic @font-face rules for 1 requested font families
[Compiler] Injected deterministic @font-face rules for 1 requested font families
[Compiler] Injected deterministic @font-face rules for 1 requested font families
[Compiler] Injected deterministic @font-face rules for 1 requested font families
[Compiler] Injected deterministic @font-face rules for 1 requested font families
[Compiler] Injected deterministic @font-face rules for 1 requested font families
[Compiler] Injected deterministic @font-face rules for 1 requested font families
[Compiler] Injected deterministic @font-face rules for 1 requested font families
[Compiler] Injected deterministic @font-face rules for 1 requested font families
[Compiler] Injected deterministic @font-face rules for 1 requested font families
[Compiler] Injected deterministic @font-face rules for 1 requested font families
[Compiler] Injected deterministic @font-face rules for 1 requested font families
[Compiler] Injected deterministic @font-face rules for 1 requested font families
[Compiler] Injected deterministic @font-face rules for 1 requested font families
[Compiler] Injected deterministic @font-face rules for 1 requested font families
[Compiler] Injected deterministic @font-face rules for 1 requested font families
[Compiler] Injected deterministic @font-face rules for 1 requested font families
[Compiler] Injected deterministic @font-face rules for 1 requested font families
[Compiler] Injected deterministic @font-face rules for 1 requested font families
[Compiler] Injected deterministic @font-face rules for 1 requested font families
[Compiler] Injected deterministic @font-face rules for 1 requested font families
[Compiler] Injected deterministic @font-face rules for 1 requested font families
[Compiler] Injected deterministic @font-face rules for 1 requested font families
[Compiler] Injected deterministic @font-face rules for 1 requested font families
[Compiler] Injected deterministic @font-face rules for 1 requested font families
[Compiler] Injected deterministic @font-face rules for 1 requested font families
[Compiler] Injected deterministic @font-face rules for 1 requested font families
[Compiler] Injected deterministic @font-face rules for 1 requested font families
[Compiler] Injected deterministic @font-face rules for 1 requested font families
[Compiler] Injected deterministic @font-face rules for 1 requested font families
[Compiler] Injected deterministic @font-face rules for 1 requested font families
[Compiler] Injected deterministic @font-face rules for 1 requested font families
[Compiler] Injected deterministic @font-face rules for 1 requested font families
[Compiler] Injected deterministic @font-face rules for 1 requested font families
[Compiler] Injected deterministic @font-face rules for 1 requested font families
[Compiler] Injected deterministic @font-face rules for 1 requested font families
[Compiler] Injected deterministic @font-face rules for 1 requested font families
[Compiler] Injected deterministic @font-face rules for 1 requested font families
[Compiler] Injected deterministic @font-face rules for 1 requested font families
[Compiler] Injected deterministic @font-face rules for 1 requested font families
[Compiler] Injected deterministic @font-face rules for 1 requested font families
[Compiler] Injected deterministic @font-face rules for 1 requested font families
[Compiler] Injected deterministic @font-face rules for 1 requested font families
[Compiler] Injected deterministic @font-face rules for 1 requested font families
[Compiler] Injected deterministic @font-face rules for 1 requested font families
[Compiler] Injected deterministic @font-face rules for 1 requested font families
[Compiler] Injected deterministic @font-face rules for 1 requested font families
[Compiler] Injected deterministic @font-face rules for 1 requested font families
[Compiler] Injected deterministic @font-face rules for 1 requested font families
[Compiler] Injected deterministic @font-face rules for 1 requested font families
[Compiler] Injected deterministic @font-face rules for 1 requested font families
[Compiler] Injected deterministic @font-face rules for 1 requested font families
[Compiler] Injected deterministic @font-face rules for 1 requested font families
[Compiler] Injected deterministic @font-face rules for 1 requested font families
[Compiler] Injected deterministic @font-face rules for 1 requested font families
[Compiler] Injected deterministic @font-face rules for 1 requested font families
[Compiler] Injected deterministic @font-face rules for 1 requested font families
[Compiler] Injected deterministic @font-face rules for 1 requested font families
[Compiler] Injected deterministic @font-face rules for 1 requested font families
[Compiler] Injected deterministic @font-face rules for 1 requested font families
[Compiler] Injected deterministic @font-face rules for 1 requested font families
[Compiler] Injected deterministic @font-face rules for 1 requested font families
[Compiler] Injected deterministic @font-face rules for 1 requested font families
[Compiler] Injected deterministic @font-face rules for 1 requested font families
[Compiler] Injected deterministic @font-face rules for 1 requested font families
[Compiler] Injected deterministic @font-face rules for 1 requested font families
[Compiler] Injected deterministic @font-face rules for 1 requested font families
[Compiler] Injected deterministic @font-face rules for 1 requested font families
[Compiler] Injected deterministic @font-face rules for 1 requested font families
[Compiler] Injected deterministic @font-face rules for 1 requested font families
[Compiler] Injected deterministic @font-face rules for 1 requested font families
[Compiler] Injected deterministic @font-face rules for 1 requested font families
[Compiler] Injected deterministic @font-face rules for 1 requested font families
[Compiler] Injected deterministic @font-face rules for 1 requested font families
[Compiler] Injected deterministic @font-face rules for 1 requested font families
[Compiler] Injected deterministic @font-face rules for 1 requested font families
[Compiler] Injected deterministic @font-face rules for 1 requested font families
[Compiler] Injected deterministic @font-face rules for 1 requested font families
[Compiler] Injected deterministic @font-face rules for 1 requested font families
[Compiler] Injected deterministic @font-face rules for 1 requested font families
[Compiler] Injected deterministic @font-face rules for 1 requested font families
[Compiler] Injected deterministic @font-face rules for 1 requested font families
[Compiler] Injected deterministic @font-face rules for 1 requested font families
[Compiler] Injected deterministic @font-face rules for 1 requested font families
[Compiler] Injected deterministic @font-face rules for 1 requested font families
[Compiler] Injected deterministic @font-face rules for 1 requested font families
[Compiler] Injected deterministic @font-face rules for 1 requested font families
[Compiler] Injected deterministic @font-face rules for 1 requested font families
[Compiler] Injected deterministic @font-face rules for 1 requested font families
[Compiler] Injected deterministic @font-face rules for 1 requested font families
[Compiler] Injected deterministic @font-face rules for 1 requested font families
[Compiler] Injected deterministic @font-face rules for 1 requested font families
[Compiler] Injected deterministic @font-face rules for 1 requested font families
[Compiler] Injected deterministic @font-face rules for 1 requested font families
[Compiler] Injected deterministic @font-face rules for 1 requested font families
[Compiler] Injected deterministic @font-face rules for 1 requested font families
[Compiler] Injected deterministic @font-face rules for 1 requested font families
[Compiler] Injected deterministic @font-face rules for 1 requested font families
[Compiler] Injected deterministic @font-face rules for 1 requested font families
[Compiler] Injected deterministic @font-face rules for 1 requested font families
[Compiler] Injected deterministic @font-face rules for 1 requested font families
[Compiler] Injected deterministic @font-face rules for 1 requested font families
[Compiler] Injected deterministic @font-face rules for 1 requested font families
[BrowserManager] Browser launched (HeadlessChrome/146.0.7680.153, screenshot, headlessShell=true, platform=win32)
[Compiler] Injected deterministic @font-face rules for 1 requested font families
[Compiler] Injected deterministic @font-face rules for 1 requested font families
[Compiler] Injected deterministic @font-face rules for 1 requested font families
[Compiler] Injected deterministic @font-face rules for 1 requested font families
[Compiler] Injected deterministic @font-face rules for 1 requested font families
